In file included from C:\dev\blackstride\engine\source\core\application.cpp:6:
In file included from source\renderer/renderer.h:4:
source\renderer/renderer_types.h:76:19: error: duplicate member 'position'
   76 |     bs_texture    position;  // position map
      |                   ^
source\renderer/renderer_types.h:67:19: note: previous declaration is here
   67 |     bs_math::Vec2 position;  // world-space pivot
      |                   ^
1 error generated.
In file included from C:\dev\blackstride\engine\source\renderer\bs_ui.cpp:10:
In file included from source\renderer/bs_ui.h:4:
source\renderer\renderer_types.h:76:19: error: duplicate member 'position'
   76 |     bs_texture    position;  // position map
      |                   ^
source\renderer\renderer_types.h:67:19: note: previous declaration is here
   67 |     bs_math::Vec2 position;  // world-space pivot
      |                   ^
1 error generated.
In file included from C:\dev\blackstride\engine\source\renderer\camera2d.cpp:1:
In file included from source\renderer/camera2d.h:4:
source\renderer/renderer_types.h:76:19: error: duplicate member 'position'
   76 |     bs_texture    position;  // position map
      |                   ^
source\renderer/renderer_types.h:67:19: note: previous declaration is here
   67 |     bs_math::Vec2 position;  // world-space pivot
      |                   ^
1 error generated.
In file included from C:\dev\blackstride\engine\source\renderer\renderer.cpp:1:
In file included from source\renderer/renderer.h:4:
source\renderer/renderer_types.h:76:19: error: duplicate member 'position'
   76 |     bs_texture    position;  // position map
      |                   ^
source\renderer/renderer_types.h:67:19: note: previous declaration is here
   67 |     bs_math::Vec2 position;  // world-space pivot
      |                   ^
1 error generated.
In file included from C:\dev\blackstride\engine\source\renderer\renderer_backend.cpp:1:
In file included from source\renderer/renderer_backend.h:4:
source\renderer/renderer_types.h:76:19: error: duplicate member 'position'
   76 |     bs_texture    position;  // position map
      |                   ^
source\renderer/renderer_types.h:67:19: note: previous declaration is here
   67 |     bs_math::Vec2 position;  // world-space pivot
      |                   ^
1 error generated.
In file included from C:\dev\blackstride\engine\source\renderer\starfield_gpu_resources.cpp:2:
C:\dev\blackstride\engine\source\renderer\renderer_types.h:76:19: error: duplicate member 'position'
   76 |     bs_texture    position;  // position map
      |                   ^
C:\dev\blackstride\engine\source\renderer\renderer_types.h:67:19: note: previous declaration is here
   67 |     bs_math::Vec2 position;  // world-space pivot
      |                   ^
1 error generated.
In file included from C:\dev\blackstride\engine\source\renderer\backend\renderer_backend_sdlgpu.cpp:17:
In file included from source\renderer/backend/renderer_backend_sdlgpu.h:4:
source\renderer/renderer_types.h:76:19: error: duplicate member 'position'
   76 |     bs_texture    position;  // position map
      |                   ^
source\renderer/renderer_types.h:67:19: note: previous declaration is here
   67 |     bs_math::Vec2 position;  // world-space pivot
      |                   ^
C:\dev\blackstride\engine\source\renderer\backend\renderer_backend_sdlgpu.cpp:1987:42: error: no matching function for call to 'pool_resolve_texture'
 1987 |             gpu_texture* position_slot = pool_resolve_texture(s.position);
      |                                          ^~~~~~~~~~~~~~~~~~~~
C:\dev\blackstride\engine\source\renderer\backend\renderer_backend_sdlgpu.cpp:394:21: note: candidate function not viable: no known conversion from 'const bs_math::Vec2' to 'bs_texture' (aka 'struct bs_texture') for 1st argument
  394 | static gpu_texture* pool_resolve_texture(bs_texture handle)
      |                     ^                    ~~~~~~~~~~~~~~~~~
2 errors generated.
